    2:     2:  1: File (
    2:     2:  1: . StatementList (
    2:     2:  1: . . Statement (
    2:     2:  1: . . . DeclStmt (
    2:     2:  1: . . . . ParamDecl (
    2:     2:  1: . . . . . "param"
    8:     2:  7: . . . . . FuncParams (
    8:     2:  7: . . . . . . ParemExpr (
    8:     2:  7: . . . . . . . "("
    9:     2:  8: . . . . . . . Expression (
    9:     2:  8: . . . . . . . . BinaryExpression (
    9:     2:  8: . . . . . . . . . UnaryExpression (
    9:     2:  8: . . . . . . . . . . PrimaryExpression (
    9:     2:  8: . . . . . . . . . . . Operand (
    9:     2:  8: . . . . . . . . . . . . IDENT a
   10:     2:  9: . . . . . . . . . . . )
   10:     2:  9: . . . . . . . . . . )
   10:     2:  9: . . . . . . . . . )
   10:     2:  9: . . . . . . . . )
   10:     2:  9: . . . . . . . )
   10:     2:  9: . . . . . . . ","
   12:     2: 11: . . . . . . . "*"
   13:     2: 12: . . . . . . . Expression (
   13:     2: 12: . . . . . . . . BinaryExpression (
   13:     2: 12: . . . . . . . . . UnaryExpression (
   13:     2: 12: . . . . . . . . . . PrimaryExpression (
   13:     2: 12: . . . . . . . . . . . Operand (
   13:     2: 12: . . . . . . . . . . . . IDENT args
   17:     2: 16: . . . . . . . . . . . )
   17:     2: 16: . . . . . . . . . . )
   17:     2: 16: . . . . . . . . . )
   17:     2: 16: . . . . . . . . )
   17:     2: 16: . . . . . . . )
   17:     2: 16: . . . . . . . ")"
   18:     2: 17: . . . . . . )
   18:     2: 17: . . . . . )
   18:     2: 17: . . . . )
   18:     2: 17: . . . )
   18:     2: 17: . . )
   18:     2: 17: . . ";"
   19:     3:  1: . . Statement (
   19:     3:  1: . . . DeclStmt (
   19:     3:  1: . . . . GenDecl(global) (
   19:     3:  1: . . . . . "global"
   26:     3:  8: . . . . . "("
   27:     3:  9: . . . . . globalSpec (
   27:     3:  9: . . . . . . IDENT x
   28:     3: 10: . . . . . . ","
   30:     3: 12: . . . . . )
   30:     3: 12: . . . . . globalSpec (
   30:     3: 12: . . . . . . IDENT y
   31:     3: 13: . . . . . )
   31:     3: 13: . . . . . ")"
   32:     3: 14: . . . . . ";"
   33:     4:  1: . . . . )
   33:     4:  1: . . . )
   33:     4:  1: . . )
   33:     4:  1: . . Statement (
   33:     4:  1: . . . DeclStmt (
   33:     4:  1: . . . . GenDecl(var) (
   33:     4:  1: . . . . . "var"
   37:     4:  5: . . . . . varSpec (
   37:     4:  5: . . . . . . IDENT b
   38:     4:  6: . . . . . )
   38:     4:  6: . . . . . ";"
   39:     5:  1: . . . . )
   39:     5:  1: . . . )
   39:     5:  1: . . )
   39:     5:  1: . . Statement (
   39:     5:  1: . . . DeclStmt (
   39:     5:  1: . . . . GenDecl(var) (
   39:     5:  1: . . . . . "var"
   43:     5:  5: . . . . . "("
   44:     5:  6: . . . . . varSpec (
   44:     5:  6: . . . . . . IDENT v1
   47:     5:  9: . . . . . . "="
   49:     5: 11: . . . . . . Expression (
   49:     5: 11: . . . . . . . BinaryExpression (
   49:     5: 11: . . . . . . . . UnaryExpression (
   49:     5: 11: . . . . . . . . . PrimaryExpression (
   49:     5: 11: . . . . . . . . . . Operand (
   49:     5: 11: . . . . . . . . . . . INT 1
   50:     5: 12: . . . . . . . . . . )
   50:     5: 12: . . . . . . . . . )
   50:     5: 12: . . . . . . . . )
   50:     5: 12: . . . . . . . )
   50:     5: 12: . . . . . . )
   50:     5: 12: . . . . . . ","
   52:     5: 14: . . . . . )
   52:     5: 14: . . . . . varSpec (
   52:     5: 14: . . . . . . IDENT v2
   54:     5: 16: . . . . . )
   54:     5: 16: . . . . . ")"
   55:     5: 17: . . . . . ";"
   56:     6:  1: . . . . )
   56:     6:  1: . . . )
   56:     6:  1: . . )
   56:     6:  1: . . Statement (
   56:     6:  1: . . . DeclStmt (
   56:     6:  1: . . . . GenDecl(const) (
   56:     6:  1: . . . . . "const"
   62:     6:  7: . . . . . "("
   65:     7:  2: . . . . . constSpec (
   65:     7:  2: . . . . . . IDENT c1
   68:     7:  5: . . . . . . "="
   70:     7:  7: . . . . . . Expression (
   70:     7:  7: . . . . . . . BinaryExpression (
   70:     7:  7: . . . . . . . . UnaryExpression (
   70:     7:  7: . . . . . . . . . PrimaryExpression (
   70:     7:  7: . . . . . . . . . . Operand (
   70:     7:  7: . . . . . . . . . . . INT 1
   71:     7:  8: . . . . . . . . . . )
   71:     7:  8: . . . . . . . . . )
   71:     7:  8: . . . . . . . . )
   71:     7:  8: . . . . . . . )
   71:     7:  8: . . . . . . )
   71:     7:  8: . . . . . . ";"
   73:     8:  2: . . . . . )
   73:     8:  2: . . . . . constSpec (
   73:     8:  2: . . . . . . IDENT c2
   76:     8:  5: . . . . . . "="
   78:     8:  7: . . . . . . Expression (
   78:     8:  7: . . . . . . . BinaryExpression (
   78:     8:  7: . . . . . . . . UnaryExpression (
   78:     8:  7: . . . . . . . . . PrimaryExpression (
   78:     8:  7: . . . . . . . . . . Operand (
   78:     8:  7: . . . . . . . . . . . INT 2
   79:     8:  8: . . . . . . . . . . )
   79:     8:  8: . . . . . . . . . )
   79:     8:  8: . . . . . . . . )
   79:     8:  8: . . . . . . . )
   79:     8:  8: . . . . . . )
   79:     8:  8: . . . . . . ";"
   80:     9:  1: . . . . . )
   80:     9:  1: . . . . . ")"
   81:     9:  2: . . . . . ";"
   82:    10:  1: . . . . )
   82:    10:  1: . . . )
   82:    10:  1: . . )
   82:    10:  1: . . Statement (
   82:    10:  1: . . . IfStmt (
   82:    10:  1: . . . . "if"
   85:    10:  4: . . . . SimpleStmt (
   85:    10:  4: . . . . . ExpressionList (
   85:    10:  4: . . . . . . Expression (
   85:    10:  4: . . . . . . . BinaryExpression (
   85:    10:  4: . . . . . . . . UnaryExpression (
   85:    10:  4: . . . . . . . . . PrimaryExpression (
   85:    10:  4: . . . . . . . . . . Operand (
   85:    10:  4: . . . . . . . . . . . IDENT w
   87:    10:  6: . . . . . . . . . . )
   87:    10:  6: . . . . . . . . . )
   87:    10:  6: . . . . . . . . )
   87:    10:  6: . . . . . . . )
   87:    10:  6: . . . . . . )
   87:    10:  6: . . . . . )
   87:    10:  6: . . . . . ":="
   90:    10:  9: . . . . . ExpressionList (
   90:    10:  9: . . . . . . Expression (
   90:    10:  9: . . . . . . . BinaryExpression (
   90:    10:  9: . . . . . . . . UnaryExpression (
   90:    10:  9: . . . . . . . . . PrimaryExpression (
   90:    10:  9: . . . . . . . . . . Operand (
   90:    10:  9: . . . . . . . . . . . STRING ""
   92:    10: 11: . . . . . . . . . . )
   92:    10: 11: . . . . . . . . . )
   92:    10: 11: . . . . . . . . )
   92:    10: 11: . . . . . . . )
   92:    10: 11: . . . . . . )
   92:    10: 11: . . . . . )
   92:    10: 11: . . . . )
   92:    10: 11: . . . . ";"
   94:    10: 13: . . . . SimpleStmt (
   94:    10: 13: . . . . . ExpressionList (
   94:    10: 13: . . . . . . Expression (
   94:    10: 13: . . . . . . . BinaryExpression (
   94:    10: 13: . . . . . . . . UnaryExpression (
   94:    10: 13: . . . . . . . . . PrimaryExpression (
   94:    10: 13: . . . . . . . . . . Operand (
   94:    10: 13: . . . . . . . . . . . IDENT w
   96:    10: 15: . . . . . . . . . . )
   96:    10: 15: . . . . . . . . . )
   96:    10: 15: . . . . . . . . )
   96:    10: 15: . . . . . . . )
   96:    10: 15: . . . . . . )
   96:    10: 15: . . . . . )
   96:    10: 15: . . . . )
   96:    10: 15: . . . . BlockStmt (
   96:    10: 15: . . . . . "{"
   99:    11:  2: . . . . . StatementList (
   99:    11:  2: . . . . . . Statement (
   99:    11:  2: . . . . . . . ReturnStmt (
   99:    11:  2: . . . . . . . . "return"
  105:    11:  8: . . . . . . . . ";"
  106:    12:  1: . . . . . . . )
  106:    12:  1: . . . . . . )
  106:    12:  1: . . . . . )
  106:    12:  1: . . . . . "}"
  107:    12:  2: . . . . )
  107:    12:  2: . . . . ";"
  108:    13:  1: . . . )
  108:    13:  1: . . )
  108:    13:  1: . . Statement (
  108:    13:  1: . . . ForStmt (
  108:    13:  1: . . . . "for"
  112:    13:  5: . . . . SimpleStmt (
  112:    13:  5: . . . . . ExpressionList (
  112:    13:  5: . . . . . . Expression (
  112:    13:  5: . . . . . . . BinaryExpression (
  112:    13:  5: . . . . . . . . UnaryExpression (
  112:    13:  5: . . . . . . . . . PrimaryExpression (
  112:    13:  5: . . . . . . . . . . Operand (
  112:    13:  5: . . . . . . . . . . . IDENT i
  114:    13:  7: . . . . . . . . . . )
  114:    13:  7: . . . . . . . . . )
  114:    13:  7: . . . . . . . . )
  114:    13:  7: . . . . . . . )
  114:    13:  7: . . . . . . )
  114:    13:  7: . . . . . )
  114:    13:  7: . . . . . ":="
  117:    13: 10: . . . . . ExpressionList (
  117:    13: 10: . . . . . . Expression (
  117:    13: 10: . . . . . . . BinaryExpression (
  117:    13: 10: . . . . . . . . UnaryExpression (
  117:    13: 10: . . . . . . . . . PrimaryExpression (
  117:    13: 10: . . . . . . . . . . Operand (
  117:    13: 10: . . . . . . . . . . . INT 0
  118:    13: 11: . . . . . . . . . . )
  118:    13: 11: . . . . . . . . . )
  118:    13: 11: . . . . . . . . )
  118:    13: 11: . . . . . . . )
  118:    13: 11: . . . . . . )
  118:    13: 11: . . . . . )
  118:    13: 11: . . . . )
  118:    13: 11: . . . . ";"
  120:    13: 13: . . . . SimpleStmt (
  120:    13: 13: . . . . . ExpressionList (
  120:    13: 13: . . . . . . Expression (
  120:    13: 13: . . . . . . . BinaryExpression (
  120:    13: 13: . . . . . . . . UnaryExpression (
  120:    13: 13: . . . . . . . . . PrimaryExpression (
  120:    13: 13: . . . . . . . . . . Operand (
  120:    13: 13: . . . . . . . . . . . IDENT i
  122:    13: 15: . . . . . . . . . . )
  122:    13: 15: . . . . . . . . . )
  122:    13: 15: . . . . . . . . )
  122:    13: 15: . . . . . . . . "<"
  124:    13: 17: . . . . . . . . BinaryExpression (
  124:    13: 17: . . . . . . . . . UnaryExpression (
  124:    13: 17: . . . . . . . . . . PrimaryExpression (
  124:    13: 17: . . . . . . . . . . . Operand (
  124:    13: 17: . . . . . . . . . . . . INT 10
  126:    13: 19: . . . . . . . . . . . )
  126:    13: 19: . . . . . . . . . . )
  126:    13: 19: . . . . . . . . . )
  126:    13: 19: . . . . . . . . )
  126:    13: 19: . . . . . . . )
  126:    13: 19: . . . . . . )
  126:    13: 19: . . . . . )
  126:    13: 19: . . . . )
  126:    13: 19: . . . . ";"
  128:    13: 21: . . . . SimpleStmt (
  128:    13: 21: . . . . . ExpressionList (
  128:    13: 21: . . . . . . Expression (
  128:    13: 21: . . . . . . . BinaryExpression (
  128:    13: 21: . . . . . . . . UnaryExpression (
  128:    13: 21: . . . . . . . . . PrimaryExpression (
  128:    13: 21: . . . . . . . . . . Operand (
  128:    13: 21: . . . . . . . . . . . IDENT i
  129:    13: 22: . . . . . . . . . . )
  129:    13: 22: . . . . . . . . . )
  129:    13: 22: . . . . . . . . )
  129:    13: 22: . . . . . . . )
  129:    13: 22: . . . . . . )
  129:    13: 22: . . . . . )
  129:    13: 22: . . . . . "++"
  132:    13: 25: . . . . )
  132:    13: 25: . . . . BlockStmt (
  132:    13: 25: . . . . . "{"
  135:    14:  2: . . . . . StatementList (
  135:    14:  2: . . . . . . Statement (
  135:    14:  2: . . . . . . . IfStmt (
  135:    14:  2: . . . . . . . . "if"
  138:    14:  5: . . . . . . . . SimpleStmt (
  138:    14:  5: . . . . . . . . . ExpressionList (
  138:    14:  5: . . . . . . . . . . Expression (
  138:    14:  5: . . . . . . . . . . . BinaryExpression (
  138:    14:  5: . . . . . . . . . . . . UnaryExpression (
  138:    14:  5: . . . . . . . . . . . . . PrimaryExpression (
  138:    14:  5: . . . . . . . . . . . . . . Operand (
  138:    14:  5: . . . . . . . . . . . . . . . IDENT i
  140:    14:  7: . . . . . . . . . . . . . . )
  140:    14:  7: . . . . . . . . . . . . . )
  140:    14:  7: . . . . . . . . . . . . )
  140:    14:  7: . . . . . . . . . . . . "=="
  143:    14: 10: . . . . . . . . . . . . BinaryExpression (
  143:    14: 10: . . . . . . . . . . . . . UnaryExpression (
  143:    14: 10: . . . . . . . . . . . . . . PrimaryExpression (
  143:    14: 10: . . . . . . . . . . . . . . . Operand (
  143:    14: 10: . . . . . . . . . . . . . . . . INT 5
  145:    14: 12: . . . . . . . . . . . . . . . )
  145:    14: 12: . . . . . . . . . . . . . . )
  145:    14: 12: . . . . . . . . . . . . . )
  145:    14: 12: . . . . . . . . . . . . )
  145:    14: 12: . . . . . . . . . . . )
  145:    14: 12: . . . . . . . . . . )
  145:    14: 12: . . . . . . . . . )
  145:    14: 12: . . . . . . . . )
  145:    14: 12: . . . . . . . . BlockStmt (
  145:    14: 12: . . . . . . . . . "{"
  149:    15:  3: . . . . . . . . . StatementList (
  149:    15:  3: . . . . . . . . . . Statement (
  149:    15:  3: . . . . . . . . . . . BranchStmt (
  149:    15:  3: . . . . . . . . . . . . "break"
  154:    15:  8: . . . . . . . . . . . . ";"
  156:    16:  2: . . . . . . . . . . . )
  156:    16:  2: . . . . . . . . . . )
  156:    16:  2: . . . . . . . . . )
  156:    16:  2: . . . . . . . . . "}"
  157:    16:  3: . . . . . . . . )
  157:    16:  3: . . . . . . . . ";"
  159:    17:  2: . . . . . . . )
  159:    17:  2: . . . . . . )
  159:    17:  2: . . . . . . Statement (
  159:    17:  2: . . . . . . . IfStmt (
  159:    17:  2: . . . . . . . . "if"
  162:    17:  5: . . . . . . . . SimpleStmt (
  162:    17:  5: . . . . . . . . . ExpressionList (
  162:    17:  5: . . . . . . . . . . Expression (
  162:    17:  5: . . . . . . . . . . . BinaryExpression (
  162:    17:  5: . . . . . . . . . . . . UnaryExpression (
  162:    17:  5: . . . . . . . . . . . . . PrimaryExpression (
  162:    17:  5: . . . . . . . . . . . . . . Operand (
  162:    17:  5: . . . . . . . . . . . . . . . IDENT i
  164:    17:  7: . . . . . . . . . . . . . . )
  164:    17:  7: . . . . . . . . . . . . . )
  164:    17:  7: . . . . . . . . . . . . )
  164:    17:  7: . . . . . . . . . . . . "=="
  167:    17: 10: . . . . . . . . . . . . BinaryExpression (
  167:    17: 10: . . . . . . . . . . . . . UnaryExpression (
  167:    17: 10: . . . . . . . . . . . . . . PrimaryExpression (
  167:    17: 10: . . . . . . . . . . . . . . . Operand (
  167:    17: 10: . . . . . . . . . . . . . . . . INT 6
  169:    17: 12: . . . . . . . . . . . . . . . )
  169:    17: 12: . . . . . . . . . . . . . . )
  169:    17: 12: . . . . . . . . . . . . . )
  169:    17: 12: . . . . . . . . . . . . )
  169:    17: 12: . . . . . . . . . . . )
  169:    17: 12: . . . . . . . . . . )
  169:    17: 12: . . . . . . . . . )
  169:    17: 12: . . . . . . . . )
  169:    17: 12: . . . . . . . . BlockStmt (
  169:    17: 12: . . . . . . . . . "{"
  173:    18:  3: . . . . . . . . . StatementList (
  173:    18:  3: . . . . . . . . . . Statement (
  173:    18:  3: . . . . . . . . . . . TryStmt (
  173:    18:  3: . . . . . . . . . . . . "try"
  177:    18:  7: . . . . . . . . . . . . BlockStmt (
  177:    18:  7: . . . . . . . . . . . . . "{"
  182:    19:  4: . . . . . . . . . . . . . StatementList (
  182:    19:  4: . . . . . . . . . . . . . . Statement (
  182:    19:  4: . . . . . . . . . . . . . . . SimpleStmt (
  182:    19:  4: . . . . . . . . . . . . . . . . ExpressionList (
  182:    19:  4: . . . . . . . . . . . . . . . . . Expression (
  182:    19:  4: . . . . . . . . . . . . . . . . . . BinaryExpression (
  182:    19:  4: . . . . . . . . . . . . . . . . . . . UnaryExpression (
  182:    19:  4: . . . . . . . . . . . . . . . . . . . . PrimaryExpression (
  182:    19:  4: . . . . . . . . . . . . . . . . . . . . . Operand (
  182:    19:  4: . . . . . . . . . . . . . . . . . . . . . . IDENT x
  183:    19:  5: . . . . . . . . . . . . . . . . . . . . . )
  183:    19:  5: . . . . . . . . . . . . . . . . . . . . . Call (
  183:    19:  5: . . . . . . . . . . . . . . . . . . . . . . CallArgs (
  183:    19:  5: . . . . . . . . . . . . . . . . . . . . . . . ParemExpr (
  183:    19:  5: . . . . . . . . . . . . . . . . . . . . . . . . "("
  184:    19:  6: . . . . . . . . . . . . . . . . . . . . . . . . ")"
  185:    19:  7: . . . . . . . . . . . . . . . . . . . . . . . )
  185:    19:  7: . . . . . . . . . . . . . . . . . . . . . . )
  185:    19:  7: . . . . . . . . . . . . . . . . . . . . . )
  185:    19:  7: . . . . . . . . . . . . . . . . . . . . )
  185:    19:  7: . . . . . . . . . . . . . . . . . . . )
  185:    19:  7: . . . . . . . . . . . . . . . . . . )
  185:    19:  7: . . . . . . . . . . . . . . . . . )
  185:    19:  7: . . . . . . . . . . . . . . . . )
  185:    19:  7: . . . . . . . . . . . . . . . )
  185:    19:  7: . . . . . . . . . . . . . . . ";"
  188:    20:  3: . . . . . . . . . . . . . . )
  188:    20:  3: . . . . . . . . . . . . . )
  188:    20:  3: . . . . . . . . . . . . . "}"
  190:    20:  5: . . . . . . . . . . . . )
  190:    20:  5: . . . . . . . . . . . . CatchStmt (
  190:    20:  5: . . . . . . . . . . . . . "catch"
  196:    20: 11: . . . . . . . . . . . . . IDENT err
  200:    20: 15: . . . . . . . . . . . . . BlockStmt (
  200:    20: 15: . . . . . . . . . . . . . . "{"
  205:    21:  4: . . . . . . . . . . . . . . StatementList (
  205:    21:  4: . . . . . . . . . . . . . . . Statement (
  205:    21:  4: . . . . . . . . . . . . . . . . SimpleStmt (
  205:    21:  4: . . . . . . . . . . . . . . . . . ExpressionList (
  205:    21:  4: . . . . . . . . . . . . . . . . . . Expression (
  205:    21:  4: . . . . . . . . . . . . . . . . . . . BinaryExpression (
  205:    21:  4: . . . . . . . . . . . . . . . . . . . . UnaryExpression (
  205:    21:  4: . . . . . . . . . . . . . . . . . . . . . PrimaryExpression (
  205:    21:  4: . . . . . . . . . . . . . . . . . . . . . . Operand (
  205:    21:  4: . . . . . . . . . . . . . . . . . . . . . . . IDENT println
  212:    21: 11: . . . . . . . . . . . . . . . . . . . . . . )
  212:    21: 11: . . . . . . . . . . . . . . . . . . . . . . Call (
  212:    21: 11: . . . . . . . . . . . . . . . . . . . . . . . CallArgs (
  212:    21: 11: . . . . . . . . . . . . . . . . . . . . . . . . ParemExpr (
  212:    21: 11: . . . . . . . . . . . . . . . . . . . . . . . . . "("
  213:    21: 12: . . . . . . . . . . . . . . . . . . . . . . . . . Expression (
  213:    21: 12: . . . . . . . . . . . . . . . . . . . . . . . . . . BinaryExpression (
  213:    21: 12: . . . . . . . . . . . . . . . . . . . . . . . . . . . UnaryExpression (
  213:    21: 12: . . . . . . . . . . . . . . . . . . . . . . . . . . . . PrimaryExpression (
  213:    21: 12: . . . . . . . . . . . . . . . . . . . . . . . . . . . . . Operand (
  213:    21: 12: . . . . . . . . . . . . . . . . . . . . . . . . . . . . . . IDENT err
  216:    21: 15: . . . . . . . . . . . . . . . . . . . . . . . . . . . . . )
  216:    21: 15: . . . . . . . . . . . . . . . . . . . . . . . . . . . . )
  216:    21: 15: . . . . . . . . . . . . . . . . . . . . . . . . . . . )
  216:    21: 15: . . . . . . . . . . . . . . . . . . . . . . . . . . )
  216:    21: 15: . . . . . . . . . . . . . . . . . . . . . . . . . )
  216:    21: 15: . . . . . . . . . . . . . . . . . . . . . . . . . ")"
  217:    21: 16: . . . . . . . . . . . . . . . . . . . . . . . . )
  217:    21: 16: . . . . . . . . . . . . . . . . . . . . . . . )
  217:    21: 16: . . . . . . . . . . . . . . . . . . . . . . )
  217:    21: 16: . . . . . . . . . . . . . . . . . . . . . )
  217:    21: 16: . . . . . . . . . . . . . . . . . . . . )
  217:    21: 16: . . . . . . . . . . . . . . . . . . . )
  217:    21: 16: . . . . . . . . . . . . . . . . . . )
  217:    21: 16: . . . . . . . . . . . . . . . . . )
  217:    21: 16: . . . . . . . . . . . . . . . . )
  217:    21: 16: . . . . . . . . . . . . . . . . ";"
  221:    22:  4: . . . . . . . . . . . . . . . )
  221:    22:  4: . . . . . . . . . . . . . . . Statement (
  221:    22:  4: . . . . . . . . . . . . . . . . Throw (
  221:    22:  4: . . . . . . . . . . . . . . . . . "throw"
  227:    22: 10: . . . . . . . . . . . . . . . . . Expression (
  227:    22: 10: . . . . . . . . . . . . . . . . . . BinaryExpression (
  227:    22: 10: . . . . . . . . . . . . . . . . . . . UnaryExpression (
  227:    22: 10: . . . . . . . . . . . . . . . . . . . . PrimaryExpression (
  227:    22: 10: . . . . . . . . . . . . . . . . . . . . . Operand (
  227:    22: 10: . . . . . . . . . . . . . . . . . . . . . . IDENT err
  230:    22: 13: . . . . . . . . . . . . . . . . . . . . . )
  230:    22: 13: . . . . . . . . . . . . . . . . . . . . )
  230:    22: 13: . . . . . . . . . . . . . . . . . . . )
  230:    22: 13: . . . . . . . . . . . . . . . . . . )
  230:    22: 13: . . . . . . . . . . . . . . . . . )
  230:    22: 13: . . . . . . . . . . . . . . . . . ";"
  233:    23:  3: . . . . . . . . . . . . . . . . )
  233:    23:  3: . . . . . . . . . . . . . . . )
  233:    23:  3: . . . . . . . . . . . . . . )
  233:    23:  3: . . . . . . . . . . . . . . "}"
  235:    23:  5: . . . . . . . . . . . . . )
  235:    23:  5: . . . . . . . . . . . . )
  235:    23:  5: . . . . . . . . . . . . FinallyStmt (
  235:    23:  5: . . . . . . . . . . . . . "finally"
  243:    23: 13: . . . . . . . . . . . . . BlockStmt (
  243:    23: 13: . . . . . . . . . . . . . . "{"
  248:    24:  4: . . . . . . . . . . . . . . StatementList (
  248:    24:  4: . . . . . . . . . . . . . . . Statement (
  248:    24:  4: . . . . . . . . . . . . . . . . ReturnStmt (
  248:    24:  4: . . . . . . . . . . . . . . . . . "return"
  255:    24: 11: . . . . . . . . . . . . . . . . . Expression (
  255:    24: 11: . . . . . . . . . . . . . . . . . . BinaryExpression (
  255:    24: 11: . . . . . . . . . . . . . . . . . . . UnaryExpression (
  255:    24: 11: . . . . . . . . . . . . . . . . . . . . PrimaryExpression (
  255:    24: 11: . . . . . . . . . . . . . . . . . . . . . Operand (
  255:    24: 11: . . . . . . . . . . . . . . . . . . . . . . IDENT v1
  257:    24: 13: . . . . . . . . . . . . . . . . . . . . . )
  257:    24: 13: . . . . . . . . . . . . . . . . . . . . )
  257:    24: 13: . . . . . . . . . . . . . . . . . . . )
  257:    24: 13: . . . . . . . . . . . . . . . . . . )
  257:    24: 13: . . . . . . . . . . . . . . . . . )
  257:    24: 13: . . . . . . . . . . . . . . . . . ";"
  260:    25:  3: . . . . . . . . . . . . . . . . )
  260:    25:  3: . . . . . . . . . . . . . . . )
  260:    25:  3: . . . . . . . . . . . . . . )
  260:    25:  3: . . . . . . . . . . . . . . "}"
  261:    25:  4: . . . . . . . . . . . . . )
  261:    25:  4: . . . . . . . . . . . . )
  261:    25:  4: . . . . . . . . . . . . ";"
  263:    26:  2: . . . . . . . . . . . )
  263:    26:  2: . . . . . . . . . . )
  263:    26:  2: . . . . . . . . . )
  263:    26:  2: . . . . . . . . . "}"
  264:    26:  3: . . . . . . . . )
  264:    26:  3: . . . . . . . . ";"
  265:    27:  1: . . . . . . . )
  265:    27:  1: . . . . . . )
  265:    27:  1: . . . . . )
  265:    27:  1: . . . . . "}"
  266:    27:  2: . . . . )
  266:    27:  2: . . . . ";"
  267:    28:  1: . . . )
  267:    28:  1: . . )
  267:    28:  1: . . Statement (
  267:    28:  1: . . . SimpleStmt (
  267:    28:  1: . . . . ExpressionList (
  267:    28:  1: . . . . . Expression (
  267:    28:  1: . . . . . . BinaryExpression (
  267:    28:  1: . . . . . . . UnaryExpression (
  267:    28:  1: . . . . . . . . PrimaryExpression (
  267:    28:  1: . . . . . . . . . Operand (
  267:    28:  1: . . . . . . . . . . IDENT counter
  275:    28:  9: . . . . . . . . . )
  275:    28:  9: . . . . . . . . )
  275:    28:  9: . . . . . . . )
  275:    28:  9: . . . . . . )
  275:    28:  9: . . . . . )
  275:    28:  9: . . . . )
  275:    28:  9: . . . . ":="
  278:    28: 12: . . . . ExpressionList (
  278:    28: 12: . . . . . Expression (
  278:    28: 12: . . . . . . BinaryExpression (
  278:    28: 12: . . . . . . . UnaryExpression (
  278:    28: 12: . . . . . . . . PrimaryExpression (
  278:    28: 12: . . . . . . . . . Operand (
  278:    28: 12: . . . . . . . . . . INT 0
  279:    28: 13: . . . . . . . . . )
  279:    28: 13: . . . . . . . . )
  279:    28: 13: . . . . . . . )
  279:    28: 13: . . . . . . )
  279:    28: 13: . . . . . )
  279:    28: 13: . . . . )
  279:    28: 13: . . . )
  279:    28: 13: . . . ";"
  280:    29:  1: . . )
  280:    29:  1: . . Statement (
  280:    29:  1: . . . ForStmt (
  280:    29:  1: . . . . "for"
  284:    29:  5: . . . . SimpleStmt (
  284:    29:  5: . . . . . ExpressionList (
  284:    29:  5: . . . . . . Expression (
  284:    29:  5: . . . . . . . BinaryExpression (
  284:    29:  5: . . . . . . . . UnaryExpression (
  284:    29:  5: . . . . . . . . . PrimaryExpression (
  284:    29:  5: . . . . . . . . . . Operand (
  284:    29:  5: . . . . . . . . . . . IDENT k
  285:    29:  6: . . . . . . . . . . )
  285:    29:  6: . . . . . . . . . )
  285:    29:  6: . . . . . . . . )
  285:    29:  6: . . . . . . . )
  285:    29:  6: . . . . . . )
  285:    29:  6: . . . . . . ","
  286:    29:  7: . . . . . . Expression (
  286:    29:  7: . . . . . . . BinaryExpression (
  286:    29:  7: . . . . . . . . UnaryExpression (
  286:    29:  7: . . . . . . . . . PrimaryExpression (
  286:    29:  7: . . . . . . . . . . Operand (
  286:    29:  7: . . . . . . . . . . . IDENT v
  288:    29:  9: . . . . . . . . . . )
  288:    29:  9: . . . . . . . . . )
  288:    29:  9: . . . . . . . . )
  288:    29:  9: . . . . . . . )
  288:    29:  9: . . . . . . )
  288:    29:  9: . . . . . )
  288:    29:  9: . . . . . "in"
  291:    29: 12: . . . . . Expression (
  291:    29: 12: . . . . . . BinaryExpression (
  291:    29: 12: . . . . . . . UnaryExpression (
  291:    29: 12: . . . . . . . . PrimaryExpression (
  291:    29: 12: . . . . . . . . . Operand (
  291:    29: 12: . . . . . . . . . . DictLit (
  291:    29: 12: . . . . . . . . . . . "{"
  292:    29: 13: . . . . . . . . . . . DictElementLit (
  292:    29: 13: . . . . . . . . . . . . IDENT a
  293:    29: 14: . . . . . . . . . . . . ":"
  295:    29: 16: . . . . . . . . . . . . Expression (
  295:    29: 16: . . . . . . . . . . . . . BinaryExpression (
  295:    29: 16: . . . . . . . . . . . . . . UnaryExpression (
  295:    29: 16: . . . . . . . . . . . . . . . PrimaryExpression (
  295:    29: 16: . . . . . . . . . . . . . . . . Operand (
  295:    29: 16: . . . . . . . . . . . . . . . . . INT 1
  296:    29: 17: . . . . . . . . . . . . . . . . )
  296:    29: 17: . . . . . . . . . . . . . . . )
  296:    29: 17: . . . . . . . . . . . . . . )
  296:    29: 17: . . . . . . . . . . . . . )
  296:    29: 17: . . . . . . . . . . . . )
  296:    29: 17: . . . . . . . . . . . )
  296:    29: 17: . . . . . . . . . . . ","
  298:    29: 19: . . . . . . . . . . . DictElementLit (
  298:    29: 19: . . . . . . . . . . . . IDENT b
  299:    29: 20: . . . . . . . . . . . . ":"
  301:    29: 22: . . . . . . . . . . . . Expression (
  301:    29: 22: . . . . . . . . . . . . . BinaryExpression (
  301:    29: 22: . . . . . . . . . . . . . . UnaryExpression (
  301:    29: 22: . . . . . . . . . . . . . . . PrimaryExpression (
  301:    29: 22: . . . . . . . . . . . . . . . . Operand (
  301:    29: 22: . . . . . . . . . . . . . . . . . INT 2
  302:    29: 23: . . . . . . . . . . . . . . . . )
  302:    29: 23: . . . . . . . . . . . . . . . )
  302:    29: 23: . . . . . . . . . . . . . . )
  302:    29: 23: . . . . . . . . . . . . . )
  302:    29: 23: . . . . . . . . . . . . )
  302:    29: 23: . . . . . . . . . . . )
  302:    29: 23: . . . . . . . . . . . "}"
  304:    29: 25: . . . . . . . . . . )
  304:    29: 25: . . . . . . . . . )
  304:    29: 25: . . . . . . . . )
  304:    29: 25: . . . . . . . )
  304:    29: 25: . . . . . . )
  304:    29: 25: . . . . . )
  304:    29: 25: . . . . )
  304:    29: 25: . . . . BlockStmt (
  304:    29: 25: . . . . . "{"
  307:    30:  2: . . . . . StatementList (
  307:    30:  2: . . . . . . Statement (
  307:    30:  2: . . . . . . . SimpleStmt (
  307:    30:  2: . . . . . . . . ExpressionList (
  307:    30:  2: . . . . . . . . . Expression (
  307:    30:  2: . . . . . . . . . . BinaryExpression (
  307:    30:  2: . . . . . . . . . . . UnaryExpression (
  307:    30:  2: . . . . . . . . . . . . PrimaryExpression (
  307:    30:  2: . . . . . . . . . . . . . Operand (
  307:    30:  2: . . . . . . . . . . . . . . IDENT counter
  314:    30:  9: . . . . . . . . . . . . . )
  314:    30:  9: . . . . . . . . . . . . )
  314:    30:  9: . . . . . . . . . . . )
  314:    30:  9: . . . . . . . . . . )
  314:    30:  9: . . . . . . . . . )
  314:    30:  9: . . . . . . . . )
  314:    30:  9: . . . . . . . . "++"
  316:    30: 11: . . . . . . . )
  316:    30: 11: . . . . . . . ";"
  318:    31:  2: . . . . . . )
  318:    31:  2: . . . . . . Statement (
  318:    31:  2: . . . . . . . SimpleStmt (
  318:    31:  2: . . . . . . . . ExpressionList (
  318:    31:  2: . . . . . . . . . Expression (
  318:    31:  2: . . . . . . . . . . BinaryExpression (
  318:    31:  2: . . . . . . . . . . . UnaryExpression (
  318:    31:  2: . . . . . . . . . . . . PrimaryExpression (
  318:    31:  2: . . . . . . . . . . . . . Operand (
  318:    31:  2: . . . . . . . . . . . . . . IDENT println
  325:    31:  9: . . . . . . . . . . . . . )
  325:    31:  9: . . . . . . . . . . . . . Call (
  325:    31:  9: . . . . . . . . . . . . . . CallArgs (
  325:    31:  9: . . . . . . . . . . . . . . . ParemExpr (
  325:    31:  9: . . . . . . . . . . . . . . . . "("
  326:    31: 10: . . . . . . . . . . . . . . . . Expression (
  326:    31: 10: . . . . . . . . . . . . . . . . . BinaryExpression (
  326:    31: 10: . . . . . . . . . . . . . . . . . . UnaryExpression (
  326:    31: 10: . . . . . . . . . . . . . . . . . . . PrimaryExpression (
  326:    31: 10: . . . . . . . . . . . . . . . . . . . . Operand (
  326:    31: 10: . . . . . . . . . . . . . . . . . . . . . IDENT k
  327:    31: 11: . . . . . . . . . . . . . . . . . . . . )
  327:    31: 11: . . . . . . . . . . . . . . . . . . . )
  327:    31: 11: . . . . . . . . . . . . . . . . . . )
  327:    31: 11: . . . . . . . . . . . . . . . . . )
  327:    31: 11: . . . . . . . . . . . . . . . . )
  327:    31: 11: . . . . . . . . . . . . . . . . ","
  329:    31: 13: . . . . . . . . . . . . . . . . Expression (
  329:    31: 13: . . . . . . . . . . . . . . . . . BinaryExpression (
  329:    31: 13: . . . . . . . . . . . . . . . . . . UnaryExpression (
  329:    31: 13: . . . . . . . . . . . . . . . . . . . PrimaryExpression (
  329:    31: 13: . . . . . . . . . . . . . . . . . . . . Operand (
  329:    31: 13: . . . . . . . . . . . . . . . . . . . . . IDENT v
  330:    31: 14: . . . . . . . . . . . . . . . . . . . . )
  330:    31: 14: . . . . . . . . . . . . . . . . . . . )
  330:    31: 14: . . . . . . . . . . . . . . . . . . )
  330:    31: 14: . . . . . . . . . . . . . . . . . )
  330:    31: 14: . . . . . . . . . . . . . . . . )
  330:    31: 14: . . . . . . . . . . . . . . . . ")"
  331:    31: 15: . . . . . . . . . . . . . . . )
  331:    31: 15: . . . . . . . . . . . . . . )
  331:    31: 15: . . . . . . . . . . . . . )
  331:    31: 15: . . . . . . . . . . . . )
  331:    31: 15: . . . . . . . . . . . )
  331:    31: 15: . . . . . . . . . . )
  331:    31: 15: . . . . . . . . . )
  331:    31: 15: . . . . . . . . )
  331:    31: 15: . . . . . . . )
  331:    31: 15: . . . . . . . ";"
  332:    32:  1: . . . . . . )
  332:    32:  1: . . . . . )
  332:    32:  1: . . . . . "}"
  333:    32:  2: . . . . )
  333:    32:  2: . . . . ";"
  334:    33:  1: . . . )
  334:    33:  1: . . )
  334:    33:  1: . . Statement (
  334:    33:  1: . . . SimpleStmt (
  334:    33:  1: . . . . ExpressionList (
  334:    33:  1: . . . . . Expression (
  334:    33:  1: . . . . . . BinaryExpression (
  334:    33:  1: . . . . . . . UnaryExpression (
  334:    33:  1: . . . . . . . . PrimaryExpression (
  334:    33:  1: . . . . . . . . . Operand (
  334:    33:  1: . . . . . . . . . . IDENT f
  336:    33:  3: . . . . . . . . . )
  336:    33:  3: . . . . . . . . )
  336:    33:  3: . . . . . . . )
  336:    33:  3: . . . . . . )
  336:    33:  3: . . . . . )
  336:    33:  3: . . . . )
  336:    33:  3: . . . . ":="
  339:    33:  6: . . . . ExpressionList (
  339:    33:  6: . . . . . Expression (
  339:    33:  6: . . . . . . BinaryExpression (
  339:    33:  6: . . . . . . . UnaryExpression (
  339:    33:  6: . . . . . . . . PrimaryExpression (
  339:    33:  6: . . . . . . . . . Operand (
  339:    33:  6: . . . . . . . . . . FuncLit (
  339:    33:  6: . . . . . . . . . . . FuncType (
  339:    33:  6: . . . . . . . . . . . . "func"
  343:    33: 10: . . . . . . . . . . . . FuncParams (
  343:    33: 10: . . . . . . . . . . . . . ParemExpr (
  343:    33: 10: . . . . . . . . . . . . . . "("
  344:    33: 11: . . . . . . . . . . . . . . ")"
  346:    33: 13: . . . . . . . . . . . . . )
  346:    33: 13: . . . . . . . . . . . . )
  346:    33: 13: . . . . . . . . . . . )
  346:    33: 13: . . . . . . . . . . . Body (
  346:    33: 13: . . . . . . . . . . . . BlockStmt (
  346:    33: 13: . . . . . . . . . . . . . "{"
  349:    34:  2: . . . . . . . . . . . . . StatementList (
  349:    34:  2: . . . . . . . . . . . . . . Statement (
  349:    34:  2: . . . . . . . . . . . . . . . ReturnStmt (
  349:    34:  2: . . . . . . . . . . . . . . . . "return"
  356:    34:  9: . . . . . . . . . . . . . . . . Expression (
  356:    34:  9: . . . . . . . . . . . . . . . . . BinaryExpression (
  356:    34:  9: . . . . . . . . . . . . . . . . . . UnaryExpression (
  356:    34:  9: . . . . . . . . . . . . . . . . . . . PrimaryExpression (
  356:    34:  9: . . . . . . . . . . . . . . . . . . . . Operand (
  356:    34:  9: . . . . . . . . . . . . . . . . . . . . . INT 0
  357:    34: 10: . . . . . . . . . . . . . . . . . . . . )
  357:    34: 10: . . . . . . . . . . . . . . . . . . . )
  357:    34: 10: . . . . . . . . . . . . . . . . . . )
  357:    34: 10: . . . . . . . . . . . . . . . . . )
  357:    34: 10: . . . . . . . . . . . . . . . . )
  357:    34: 10: . . . . . . . . . . . . . . . . ","
  359:    34: 12: . . . . . . . . . . . . . . . . Expression (
  359:    34: 12: . . . . . . . . . . . . . . . . . BinaryExpression (
  359:    34: 12: . . . . . . . . . . . . . . . . . . UnaryExpression (
  359:    34: 12: . . . . . . . . . . . . . . . . . . . PrimaryExpression (
  359:    34: 12: . . . . . . . . . . . . . . . . . . . . Operand (
  359:    34: 12: . . . . . . . . . . . . . . . . . . . . . IDENT error
  364:    34: 17: . . . . . . . . . . . . . . . . . . . . )
  364:    34: 17: . . . . . . . . . . . . . . . . . . . . Call (
  364:    34: 17: . . . . . . . . . . . . . . . . . . . . . CallArgs (
  364:    34: 17: . . . . . . . . . . . . . . . . . . . . . . ParemExpr (
  364:    34: 17: . . . . . . . . . . . . . . . . . . . . . . . "("
  365:    34: 18: . . . . . . . . . . . . . . . . . . . . . . . Expression (
  365:    34: 18: . . . . . . . . . . . . . . . . . . . . . . . . BinaryExpression (
  365:    34: 18: . . . . . . . . . . . . . . . . . . . . . . . . . UnaryExpression (
  365:    34: 18: . . . . . . . . . . . . . . . . . . . . . . . . . . PrimaryExpression (
  365:    34: 18: . . . . . . . . . . . . . . . . . . . . . . . . . . . Operand (
  365:    34: 18: . . . . . . . . . . . . . . . . . . . . . . . . . . . . STRING "err"
  370:    34: 23: . . . . . . . . . . . . . . . . . . . . . . . . . . . )
  370:    34: 23: . . . . . . . . . . . . . . . . . . . . . . . . . . )
  370:    34: 23: . . . . . . . . . . . . . . . . . . . . . . . . . )
  370:    34: 23: . . . . . . . . . . . . . . . . . . . . . . . . )
  370:    34: 23: . . . . . . . . . . . . . . . . . . . . . . . )
  370:    34: 23: . . . . . . . . . . . . . . . . . . . . . . . ")"
  371:    34: 24: . . . . . . . . . . . . . . . . . . . . . . )
  371:    34: 24: . . . . . . . . . . . . . . . . . . . . . )
  371:    34: 24: . . . . . . . . . . . . . . . . . . . . )
  371:    34: 24: . . . . . . . . . . . . . . . . . . . )
  371:    34: 24: . . . . . . . . . . . . . . . . . . )
  371:    34: 24: . . . . . . . . . . . . . . . . . )
  371:    34: 24: . . . . . . . . . . . . . . . . )
  371:    34: 24: . . . . . . . . . . . . . . . . ";"
  372:    35:  1: . . . . . . . . . . . . . . . )
  372:    35:  1: . . . . . . . . . . . . . . )
  372:    35:  1: . . . . . . . . . . . . . )
  372:    35:  1: . . . . . . . . . . . . . "}"
  373:    35:  2: . . . . . . . . . . . . )
  373:    35:  2: . . . . . . . . . . . )
  373:    35:  2: . . . . . . . . . . )
  373:    35:  2: . . . . . . . . . )
  373:    35:  2: . . . . . . . . )
  373:    35:  2: . . . . . . . )
  373:    35:  2: . . . . . . )
  373:    35:  2: . . . . . )
  373:    35:  2: . . . . )
  373:    35:  2: . . . )
  373:    35:  2: . . . ";"
  374:    36:  1: . . )
  374:    36:  1: . . Statement (
  374:    36:  1: . . . SimpleStmt (
  374:    36:  1: . . . . ExpressionList (
  374:    36:  1: . . . . . Expression (
  374:    36:  1: . . . . . . BinaryExpression (
  374:    36:  1: . . . . . . . UnaryExpression (
  374:    36:  1: . . . . . . . . PrimaryExpression (
  374:    36:  1: . . . . . . . . . Operand (
  374:    36:  1: . . . . . . . . . . IDENT v1
  376:    36:  3: . . . . . . . . . )
  376:    36:  3: . . . . . . . . )
  376:    36:  3: . . . . . . . )
  376:    36:  3: . . . . . . )
  376:    36:  3: . . . . . )
  376:    36:  3: . . . . . ","
  378:    36:  5: . . . . . Expression (
  378:    36:  5: . . . . . . BinaryExpression (
  378:    36:  5: . . . . . . . UnaryExpression (
  378:    36:  5: . . . . . . . . PrimaryExpression (
  378:    36:  5: . . . . . . . . . Operand (
  378:    36:  5: . . . . . . . . . . IDENT v2
  381:    36:  8: . . . . . . . . . )
  381:    36:  8: . . . . . . . . )
  381:    36:  8: . . . . . . . )
  381:    36:  8: . . . . . . )
  381:    36:  8: . . . . . )
  381:    36:  8: . . . . )
  381:    36:  8: . . . . ":="
  384:    36: 11: . . . . ExpressionList (
  384:    36: 11: . . . . . Expression (
  384:    36: 11: . . . . . . BinaryExpression (
  384:    36: 11: . . . . . . . UnaryExpression (
  384:    36: 11: . . . . . . . . PrimaryExpression (
  384:    36: 11: . . . . . . . . . Operand (
  384:    36: 11: . . . . . . . . . . IDENT f
  385:    36: 12: . . . . . . . . . )
  385:    36: 12: . . . . . . . . . Call (
  385:    36: 12: . . . . . . . . . . CallArgs (
  385:    36: 12: . . . . . . . . . . . ParemExpr (
  385:    36: 12: . . . . . . . . . . . . "("
  386:    36: 13: . . . . . . . . . . . . ")"
  387:    36: 14: . . . . . . . . . . . )
  387:    36: 14: . . . . . . . . . . )
  387:    36: 14: . . . . . . . . . )
  387:    36: 14: . . . . . . . . )
  387:    36: 14: . . . . . . . )
  387:    36: 14: . . . . . . )
  387:    36: 14: . . . . . )
  387:    36: 14: . . . . )
  387:    36: 14: . . . )
  387:    36: 14: . . . ";"
  388:    37:  1: . . )
  388:    37:  1: . . Statement (
  388:    37:  1: . . . SimpleStmt (
  388:    37:  1: . . . . ExpressionList (
  388:    37:  1: . . . . . Expression (
  388:    37:  1: . . . . . . BinaryExpression (
  388:    37:  1: . . . . . . . UnaryExpression (
  388:    37:  1: . . . . . . . . PrimaryExpression (
  388:    37:  1: . . . . . . . . . Operand (
  388:    37:  1: . . . . . . . . . . IDENT v3
  391:    37:  4: . . . . . . . . . )
  391:    37:  4: . . . . . . . . )
  391:    37:  4: . . . . . . . )
  391:    37:  4: . . . . . . )
  391:    37:  4: . . . . . )
  391:    37:  4: . . . . )
  391:    37:  4: . . . . ":="
  394:    37:  7: . . . . ExpressionList (
  394:    37:  7: . . . . . Expression (
  394:    37:  7: . . . . . . BinaryExpression (
  394:    37:  7: . . . . . . . UnaryExpression (
  394:    37:  7: . . . . . . . . PrimaryExpression (
  394:    37:  7: . . . . . . . . . Operand (
  394:    37:  7: . . . . . . . . . . ArrayLitOrKeyValue (
  394:    37:  7: . . . . . . . . . . . "["
  395:    37:  8: . . . . . . . . . . . Expression (
  395:    37:  8: . . . . . . . . . . . . BinaryExpression (
  395:    37:  8: . . . . . . . . . . . . . UnaryExpression (
  395:    37:  8: . . . . . . . . . . . . . . PrimaryExpression (
  395:    37:  8: . . . . . . . . . . . . . . . Operand (
  395:    37:  8: . . . . . . . . . . . . . . . . IDENT v1
  397:    37: 10: . . . . . . . . . . . . . . . )
  397:    37: 10: . . . . . . . . . . . . . . )
  397:    37: 10: . . . . . . . . . . . . . )
  397:    37: 10: . . . . . . . . . . . . . "*"
  398:    37: 11: . . . . . . . . . . . . . BinaryExpression (
  398:    37: 11: . . . . . . . . . . . . . . UnaryExpression (
  398:    37: 11: . . . . . . . . . . . . . . . PrimaryExpression (
  398:    37: 11: . . . . . . . . . . . . . . . . Operand (
  398:    37: 11: . . . . . . . . . . . . . . . . . IDENT counter
  405:    37: 18: . . . . . . . . . . . . . . . . )
  405:    37: 18: . . . . . . . . . . . . . . . )
  405:    37: 18: . . . . . . . . . . . . . . )
  405:    37: 18: . . . . . . . . . . . . . )
  405:    37: 18: . . . . . . . . . . . . )
  405:    37: 18: . . . . . . . . . . . )
  405:    37: 18: . . . . . . . . . . . ","
  407:    37: 20: . . . . . . . . . . . Expression (
  407:    37: 20: . . . . . . . . . . . . BinaryExpression (
  407:    37: 20: . . . . . . . . . . . . . UnaryExpression (
  407:    37: 20: . . . . . . . . . . . . . . PrimaryExpression (
  407:    37: 20: . . . . . . . . . . . . . . . Operand (
  407:    37: 20: . . . . . . . . . . . . . . . . IDENT v2
  409:    37: 22: . . . . . . . . . . . . . . . )
  409:    37: 22: . . . . . . . . . . . . . . )
  409:    37: 22: . . . . . . . . . . . . . )
  409:    37: 22: . . . . . . . . . . . . . "/"
  410:    37: 23: . . . . . . . . . . . . . BinaryExpression (
  410:    37: 23: . . . . . . . . . . . . . . UnaryExpression (
  410:    37: 23: . . . . . . . . . . . . . . . PrimaryExpression (
  410:    37: 23: . . . . . . . . . . . . . . . . Operand (
  410:    37: 23: . . . . . . . . . . . . . . . . . IDENT counter
  417:    37: 30: . . . . . . . . . . . . . . . . )
  417:    37: 30: . . . . . . . . . . . . . . . )
  417:    37: 30: . . . . . . . . . . . . . . )
  417:    37: 30: . . . . . . . . . . . . . )
  417:    37: 30: . . . . . . . . . . . . )
  417:    37: 30: . . . . . . . . . . . )
  417:    37: 30: . . . . . . . . . . . ","
  419:    37: 32: . . . . . . . . . . . Expression (
  419:    37: 32: . . . . . . . . . . . . BinaryExpression (
  419:    37: 32: . . . . . . . . . . . . . UnaryExpression (
  419:    37: 32: . . . . . . . . . . . . . . PrimaryExpression (
  419:    37: 32: . . . . . . . . . . . . . . . Operand (
  419:    37: 32: . . . . . . . . . . . . . . . . UINT 3u
  421:    37: 34: . . . . . . . . . . . . . . . )
  421:    37: 34: . . . . . . . . . . . . . . )
  421:    37: 34: . . . . . . . . . . . . . )
  421:    37: 34: . . . . . . . . . . . . )
  421:    37: 34: . . . . . . . . . . . )
  421:    37: 34: . . . . . . . . . . . ","
  424:    38:  2: . . . . . . . . . . . Expression (
  424:    38:  2: . . . . . . . . . . . . BinaryExpression (
  424:    38:  2: . . . . . . . . . . . . . UnaryExpression (
  424:    38:  2: . . . . . . . . . . . . . . PrimaryExpression (
  424:    38:  2: . . . . . . . . . . . . . . . Operand (
  424:    38:  2: . . . . . . . . . . . . . . . . FLOAT 4.7
  427:    38:  5: . . . . . . . . . . . . . . . )
  427:    38:  5: . . . . . . . . . . . . . . )
  427:    38:  5: . . . . . . . . . . . . . )
  427:    38:  5: . . . . . . . . . . . . )
  427:    38:  5: . . . . . . . . . . . )
  427:    38:  5: . . . . . . . . . . . ","
  429:    38:  7: . . . . . . . . . . . Expression (
  429:    38:  7: . . . . . . . . . . . . BinaryExpression (
  429:    38:  7: . . . . . . . . . . . . . UnaryExpression (
  429:    38:  7: . . . . . . . . . . . . . . PrimaryExpression (
  429:    38:  7: . . . . . . . . . . . . . . . Operand (
  429:    38:  7: . . . . . . . . . . . . . . . . CHAR 'y'
  432:    38: 10: . . . . . . . . . . . . . . . )
  432:    38: 10: . . . . . . . . . . . . . . )
  432:    38: 10: . . . . . . . . . . . . . )
  432:    38: 10: . . . . . . . . . . . . )
  432:    38: 10: . . . . . . . . . . . )
  432:    38: 10: . . . . . . . . . . . "]"
  433:    38: 11: . . . . . . . . . . )
  433:    38: 11: . . . . . . . . . )
  433:    38: 11: . . . . . . . . )
  433:    38: 11: . . . . . . . )
  433:    38: 11: . . . . . . )
  433:    38: 11: . . . . . )
  433:    38: 11: . . . . )
  433:    38: 11: . . . )
  433:    38: 11: . . . ";"
  434:    39:  1: . . )
  434:    39:  1: . . Statement (
  434:    39:  1: . . . SimpleStmt (
  434:    39:  1: . . . . ExpressionList (
  434:    39:  1: . . . . . Expression (
  434:    39:  1: . . . . . . BinaryExpression (
  434:    39:  1: . . . . . . . UnaryExpression (
  434:    39:  1: . . . . . . . . PrimaryExpression (
  434:    39:  1: . . . . . . . . . Operand (
  434:    39:  1: . . . . . . . . . . IDENT v3
  436:    39:  3: . . . . . . . . . )
  436:    39:  3: . . . . . . . . . IndexOrSlice (
  436:    39:  3: . . . . . . . . . . "["
  437:    39:  4: . . . . . . . . . . Expression (
  437:    39:  4: . . . . . . . . . . . BinaryExpression (
  437:    39:  4: . . . . . . . . . . . . UnaryExpression (
  437:    39:  4: . . . . . . . . . . . . . PrimaryExpression (
  437:    39:  4: . . . . . . . . . . . . . . Operand (
  437:    39:  4: . . . . . . . . . . . . . . . INT 1
  438:    39:  5: . . . . . . . . . . . . . . )
  438:    39:  5: . . . . . . . . . . . . . )
  438:    39:  5: . . . . . . . . . . . . )
  438:    39:  5: . . . . . . . . . . . )
  438:    39:  5: . . . . . . . . . . )
  438:    39:  5: . . . . . . . . . . "]"
  439:    39:  6: . . . . . . . . . )
  439:    39:  6: . . . . . . . . )
  439:    39:  6: . . . . . . . )
  439:    39:  6: . . . . . . )
  439:    39:  6: . . . . . )
  439:    39:  6: . . . . )
  439:    39:  6: . . . )
  439:    39:  6: . . . ";"
  440:    40:  1: . . )
  440:    40:  1: . . Statement (
  440:    40:  1: . . . SimpleStmt (
  440:    40:  1: . . . . ExpressionList (
  440:    40:  1: . . . . . Expression (
  440:    40:  1: . . . . . . BinaryExpression (
  440:    40:  1: . . . . . . . UnaryExpression (
  440:    40:  1: . . . . . . . . PrimaryExpression (
  440:    40:  1: . . . . . . . . . Operand (
  440:    40:  1: . . . . . . . . . . IDENT v3
  442:    40:  3: . . . . . . . . . )
  442:    40:  3: . . . . . . . . . IndexOrSlice (
  442:    40:  3: . . . . . . . . . . "["
  443:    40:  4: . . . . . . . . . . Expression (
  443:    40:  4: . . . . . . . . . . . BinaryExpression (
  443:    40:  4: . . . . . . . . . . . . UnaryExpression (
  443:    40:  4: . . . . . . . . . . . . . PrimaryExpression (
  443:    40:  4: . . . . . . . . . . . . . . Operand (
  443:    40:  4: . . . . . . . . . . . . . . . INT 1
  444:    40:  5: . . . . . . . . . . . . . . )
  444:    40:  5: . . . . . . . . . . . . . )
  444:    40:  5: . . . . . . . . . . . . )
  444:    40:  5: . . . . . . . . . . . )
  444:    40:  5: . . . . . . . . . . )
  444:    40:  5: . . . . . . . . . . ":"
  445:    40:  6: . . . . . . . . . . "]"
  446:    40:  7: . . . . . . . . . )
  446:    40:  7: . . . . . . . . )
  446:    40:  7: . . . . . . . )
  446:    40:  7: . . . . . . )
  446:    40:  7: . . . . . )
  446:    40:  7: . . . . )
  446:    40:  7: . . . )
  446:    40:  7: . . . ";"
  447:    41:  1: . . )
  447:    41:  1: . . Statement (
  447:    41:  1: . . . SimpleStmt (
  447:    41:  1: . . . . ExpressionList (
  447:    41:  1: . . . . . Expression (
  447:    41:  1: . . . . . . BinaryExpression (
  447:    41:  1: . . . . . . . UnaryExpression (
  447:    41:  1: . . . . . . . . PrimaryExpression (
  447:    41:  1: . . . . . . . . . Operand (
  447:    41:  1: . . . . . . . . . . IDENT v3
  449:    41:  3: . . . . . . . . . )
  449:    41:  3: . . . . . . . . . IndexOrSlice (
  449:    41:  3: . . . . . . . . . . "["
  450:    41:  4: . . . . . . . . . . ":"
  451:    41:  5: . . . . . . . . . . Expression (
  451:    41:  5: . . . . . . . . . . . BinaryExpression (
  451:    41:  5: . . . . . . . . . . . . UnaryExpression (
  451:    41:  5: . . . . . . . . . . . . . PrimaryExpression (
  451:    41:  5: . . . . . . . . . . . . . . Operand (
  451:    41:  5: . . . . . . . . . . . . . . . INT 2
  452:    41:  6: . . . . . . . . . . . . . . )
  452:    41:  6: . . . . . . . . . . . . . )
  452:    41:  6: . . . . . . . . . . . . )
  452:    41:  6: . . . . . . . . . . . )
  452:    41:  6: . . . . . . . . . . )
  452:    41:  6: . . . . . . . . . . "]"
  453:    41:  7: . . . . . . . . . )
  453:    41:  7: . . . . . . . . )
  453:    41:  7: . . . . . . . )
  453:    41:  7: . . . . . . )
  453:    41:  7: . . . . . )
  453:    41:  7: . . . . )
  453:    41:  7: . . . )
  453:    41:  7: . . . ";"
  454:    42:  1: . . )
  454:    42:  1: . . Statement (
  454:    42:  1: . . . SimpleStmt (
  454:    42:  1: . . . . ExpressionList (
  454:    42:  1: . . . . . Expression (
  454:    42:  1: . . . . . . BinaryExpression (
  454:    42:  1: . . . . . . . UnaryExpression (
  454:    42:  1: . . . . . . . . PrimaryExpression (
  454:    42:  1: . . . . . . . . . Operand (
  454:    42:  1: . . . . . . . . . . IDENT v3
  456:    42:  3: . . . . . . . . . )
  456:    42:  3: . . . . . . . . . IndexOrSlice (
  456:    42:  3: . . . . . . . . . . "["
  457:    42:  4: . . . . . . . . . . ":"
  458:    42:  5: . . . . . . . . . . "]"
  459:    42:  6: . . . . . . . . . )
  459:    42:  6: . . . . . . . . )
  459:    42:  6: . . . . . . . )
  459:    42:  6: . . . . . . )
  459:    42:  6: . . . . . )
  459:    42:  6: . . . . )
  459:    42:  6: . . . )
  459:    42:  6: . . . ";"
  460:    43:  1: . . )
  460:    43:  1: . . Statement (
  460:    43:  1: . . . SimpleStmt (
  460:    43:  1: . . . . ExpressionList (
  460:    43:  1: . . . . . Expression (
  460:    43:  1: . . . . . . BinaryExpression (
  460:    43:  1: . . . . . . . UnaryExpression (
  460:    43:  1: . . . . . . . . PrimaryExpression (
  460:    43:  1: . . . . . . . . . Operand (
  460:    43:  1: . . . . . . . . . . IDENT _
  462:    43:  3: . . . . . . . . . )
  462:    43:  3: . . . . . . . . )
  462:    43:  3: . . . . . . . )
  462:    43:  3: . . . . . . )
  462:    43:  3: . . . . . )
  462:    43:  3: . . . . )
  462:    43:  3: . . . . ":="
  465:    43:  6: . . . . ExpressionList (
  465:    43:  6: . . . . . Expression (
  465:    43:  6: . . . . . . BinaryExpression (
  465:    43:  6: . . . . . . . UnaryExpression (
  465:    43:  6: . . . . . . . . PrimaryExpression (
  465:    43:  6: . . . . . . . . . Operand (
  465:    43:  6: . . . . . . . . . . "import"
  471:    43: 12: . . . . . . . . . . "("
  472:    43: 13: . . . . . . . . . . STRING "strings"
  481:    43: 22: . . . . . . . . . . ")"
  482:    43: 23: . . . . . . . . . )
  482:    43: 23: . . . . . . . . )
  482:    43: 23: . . . . . . . )
  482:    43: 23: . . . . . . )
  482:    43: 23: . . . . . )
  482:    43: 23: . . . . )
  482:    43: 23: . . . )
  482:    43: 23: . . . ";"
  483:    44:  1: . . )
  483:    44:  1: . . Statement (
  483:    44:  1: . . . SimpleStmt (
  483:    44:  1: . . . . ExpressionList (
  483:    44:  1: . . . . . Expression (
  483:    44:  1: . . . . . . BinaryExpression (
  483:    44:  1: . . . . . . . UnaryExpression (
  483:    44:  1: . . . . . . . . PrimaryExpression (
  483:    44:  1: . . . . . . . . . Operand (
  483:    44:  1: . . . . . . . . . . IDENT time
  488:    44:  6: . . . . . . . . . )
  488:    44:  6: . . . . . . . . )
  488:    44:  6: . . . . . . . )
  488:    44:  6: . . . . . . )
  488:    44:  6: . . . . . )
  488:    44:  6: . . . . )
  488:    44:  6: . . . . ":="
  491:    44:  9: . . . . ExpressionList (
  491:    44:  9: . . . . . Expression (
  491:    44:  9: . . . . . . BinaryExpression (
  491:    44:  9: . . . . . . . UnaryExpression (
  491:    44:  9: . . . . . . . . PrimaryExpression (
  491:    44:  9: . . . . . . . . . Operand (
  491:    44:  9: . . . . . . . . . . "import"
  497:    44: 15: . . . . . . . . . . "("
  498:    44: 16: . . . . . . . . . . STRING "time"
  504:    44: 22: . . . . . . . . . . ")"
  505:    44: 23: . . . . . . . . . )
  505:    44: 23: . . . . . . . . )
  505:    44: 23: . . . . . . . )
  505:    44: 23: . . . . . . )
  505:    44: 23: . . . . . )
  505:    44: 23: . . . . )
  505:    44: 23: . . . )
  505:    44: 23: . . . ";"
  506:    45:  1: . . )
  506:    45:  1: . . Statement (
  506:    45:  1: . . . SimpleStmt (
  506:    45:  1: . . . . ExpressionList (
  506:    45:  1: . . . . . Expression (
  506:    45:  1: . . . . . . BinaryExpression (
  506:    45:  1: . . . . . . . UnaryExpression (
  506:    45:  1: . . . . . . . . PrimaryExpression (
  506:    45:  1: . . . . . . . . . Operand (
  506:    45:  1: . . . . . . . . . . IDENT time
  510:    45:  5: . . . . . . . . . )
  510:    45:  5: . . . . . . . . . "."
  511:    45:  6: . . . . . . . . . Selector (
  511:    45:  6: . . . . . . . . . . IDENT Now
  514:    45:  9: . . . . . . . . . )
  514:    45:  9: . . . . . . . . . Call (
  514:    45:  9: . . . . . . . . . . CallArgs (
  514:    45:  9: . . . . . . . . . . . ParemExpr (
  514:    45:  9: . . . . . . . . . . . . "("
  515:    45: 10: . . . . . . . . . . . . ")"
  517:    45: 12: . . . . . . . . . . . )
  517:    45: 12: . . . . . . . . . . )
  517:    45: 12: . . . . . . . . . )
  517:    45: 12: . . . . . . . . )
  517:    45: 12: . . . . . . . )
  517:    45: 12: . . . . . . . "+"
  519:    45: 14: . . . . . . . BinaryExpression (
  519:    45: 14: . . . . . . . . UnaryExpression (
  519:    45: 14: . . . . . . . . . PrimaryExpression (
  519:    45: 14: . . . . . . . . . . Operand (
  519:    45: 14: . . . . . . . . . . . INT 10
  522:    45: 17: . . . . . . . . . . )
  522:    45: 17: . . . . . . . . . )
  522:    45: 17: . . . . . . . . )
  522:    45: 17: . . . . . . . . "*"
  524:    45: 19: . . . . . . . . BinaryExpression (
  524:    45: 19: . . . . . . . . . UnaryExpression (
  524:    45: 19: . . . . . . . . . . PrimaryExpression (
  524:    45: 19: . . . . . . . . . . . Operand (
  524:    45: 19: . . . . . . . . . . . . IDENT time
  528:    45: 23: . . . . . . . . . . . )
  528:    45: 23: . . . . . . . . . . . "."
  529:    45: 24: . . . . . . . . . . . Selector (
  529:    45: 24: . . . . . . . . . . . . IDENT Second
  535:    45: 30: . . . . . . . . . . . )
  535:    45: 30: . . . . . . . . . . )
  535:    45: 30: . . . . . . . . . )
  535:    45: 30: . . . . . . . . )
  535:    45: 30: . . . . . . . )
  535:    45: 30: . . . . . . )
  535:    45: 30: . . . . . )
  535:    45: 30: . . . . )
  535:    45: 30: . . . )
  535:    45: 30: . . . ";"
  536:    46:  1: . . )
  536:    46:  1: . . Statement (
  536:    46:  1: . . . SimpleStmt (
  536:    46:  1: . . . . ExpressionList (
  536:    46:  1: . . . . . Expression (
  536:    46:  1: . . . . . . BinaryExpression (
  536:    46:  1: . . . . . . . UnaryExpression (
  536:    46:  1: . . . . . . . . PrimaryExpression (
  536:    46:  1: . . . . . . . . . Operand (
  536:    46:  1: . . . . . . . . . . IDENT c
  538:    46:  3: . . . . . . . . . )
  538:    46:  3: . . . . . . . . )
  538:    46:  3: . . . . . . . )
  538:    46:  3: . . . . . . )
  538:    46:  3: . . . . . )
  538:    46:  3: . . . . )
  538:    46:  3: . . . . ":="
  541:    46:  6: . . . . ExpressionList (
  541:    46:  6: . . . . . Expression (
  541:    46:  6: . . . . . . BinaryExpression (
  541:    46:  6: . . . . . . . UnaryExpression (
  541:    46:  6: . . . . . . . . PrimaryExpression (
  541:    46:  6: . . . . . . . . . Operand (
  541:    46:  6: . . . . . . . . . . IDENT counter
  549:    46: 14: . . . . . . . . . )
  549:    46: 14: . . . . . . . . )
  549:    46: 14: . . . . . . . )
  549:    46: 14: . . . . . . )
  549:    46: 14: . . . . . . "?"
  551:    46: 16: . . . . . . Expression (
  551:    46: 16: . . . . . . . BinaryExpression (
  551:    46: 16: . . . . . . . . UnaryExpression (
  551:    46: 16: . . . . . . . . . PrimaryExpression (
  551:    46: 16: . . . . . . . . . . Operand (
  551:    46: 16: . . . . . . . . . . . IDENT v3
  554:    46: 19: . . . . . . . . . . )
  554:    46: 19: . . . . . . . . . )
  554:    46: 19: . . . . . . . . )
  554:    46: 19: . . . . . . . )
  554:    46: 19: . . . . . . )
  554:    46: 19: . . . . . . ":"
  556:    46: 21: . . . . . . Expression (
  556:    46: 21: . . . . . . . BinaryExpression (
  556:    46: 21: . . . . . . . . UnaryExpression (
  556:    46: 21: . . . . . . . . . PrimaryExpression (
  556:    46: 21: . . . . . . . . . . Operand (
  556:    46: 21: . . . . . . . . . . . "nil"
  559:    46: 24: . . . . . . . . . . )
  559:    46: 24: . . . . . . . . . )
  559:    46: 24: . . . . . . . . )
  559:    46: 24: . . . . . . . )
  559:    46: 24: . . . . . . )
  559:    46: 24: . . . . . )
  559:    46: 24: . . . . )
  559:    46: 24: . . . )
  559:    46: 24: . . . ";"
  560:    47:  1: . . )
  560:    47:  1: . . Statement (
  560:    47:  1: . . . SimpleStmt (
  560:    47:  1: . . . . ExpressionList (
  560:    47:  1: . . . . . Expression (
  560:    47:  1: . . . . . . BinaryExpression (
  560:    47:  1: . . . . . . . UnaryExpression (
  560:    47:  1: . . . . . . . . PrimaryExpression (
  560:    47:  1: . . . . . . . . . Operand (
  560:    47:  1: . . . . . . . . . . IDENT c
  562:    47:  3: . . . . . . . . . )
  562:    47:  3: . . . . . . . . )
  562:    47:  3: . . . . . . . )
  562:    47:  3: . . . . . . )
  562:    47:  3: . . . . . )
  562:    47:  3: . . . . )
  562:    47:  3: . . . . "||="
  566:    47:  7: . . . . Expression (
  566:    47:  7: . . . . . BinaryExpression (
  566:    47:  7: . . . . . . UnaryExpression (
  566:    47:  7: . . . . . . . PrimaryExpression (
  566:    47:  7: . . . . . . . . Operand (
  566:    47:  7: . . . . . . . . . INT 1
  567:    47:  8: . . . . . . . . )
  567:    47:  8: . . . . . . . )
  567:    47:  8: . . . . . . )
  567:    47:  8: . . . . . )
  567:    47:  8: . . . . )
  567:    47:  8: . . . )
  567:    47:  8: . . . ";"
  568:    48:  1: . . )
  568:    48:  1: . . Statement (
  568:    48:  1: . . . SimpleStmt (
  568:    48:  1: . . . . ExpressionList (
  568:    48:  1: . . . . . Expression (
  568:    48:  1: . . . . . . BinaryExpression (
  568:    48:  1: . . . . . . . UnaryExpression (
  568:    48:  1: . . . . . . . . PrimaryExpression (
  568:    48:  1: . . . . . . . . . Operand (
  568:    48:  1: . . . . . . . . . . IDENT d
  570:    48:  3: . . . . . . . . . )
  570:    48:  3: . . . . . . . . )
  570:    48:  3: . . . . . . . )
  570:    48:  3: . . . . . . )
  570:    48:  3: . . . . . )
  570:    48:  3: . . . . )
  570:    48:  3: . . . . ":="
  573:    48:  6: . . . . ExpressionList (
  573:    48:  6: . . . . . Expression (
  573:    48:  6: . . . . . . BinaryExpression (
  573:    48:  6: . . . . . . . UnaryExpression (
  573:    48:  6: . . . . . . . . PrimaryExpression (
  573:    48:  6: . . . . . . . . . Operand (
  573:    48:  6: . . . . . . . . . . IDENT c
  575:    48:  8: . . . . . . . . . )
  575:    48:  8: . . . . . . . . )
  575:    48:  8: . . . . . . . )
  575:    48:  8: . . . . . . . "??"
  578:    48: 11: . . . . . . . BinaryExpression (
  578:    48: 11: . . . . . . . . UnaryExpression (
  578:    48: 11: . . . . . . . . . PrimaryExpression (
  578:    48: 11: . . . . . . . . . . Operand (
  578:    48: 11: . . . . . . . . . . . INT 2
  580:    48: 13: . . . . . . . . . . )
  580:    48: 13: . . . . . . . . . )
  580:    48: 13: . . . . . . . . )
  580:    48: 13: . . . . . . . )
  580:    48: 13: . . . . . . . "||"
  583:    48: 16: . . . . . . . BinaryExpression (
  583:    48: 16: . . . . . . . . UnaryExpression (
  583:    48: 16: . . . . . . . . . PrimaryExpression (
  583:    48: 16: . . . . . . . . . . Operand (
  583:    48: 16: . . . . . . . . . . . INT 1
  584:    48: 17: . . . . . . . . . . )
  584:    48: 17: . . . . . . . . . )
  584:    48: 17: . . . . . . . . )
  584:    48: 17: . . . . . . . )
  584:    48: 17: . . . . . . )
  584:    48: 17: . . . . . )
  584:    48: 17: . . . . )
  584:    48: 17: . . . )
  584:    48: 17: . . . ";"
  585:    49:  1: . . )
  585:    49:  1: . . Statement (
  585:    49:  1: . . . SimpleStmt (
  585:    49:  1: . . . . ExpressionList (
  585:    49:  1: . . . . . Expression (
  585:    49:  1: . . . . . . BinaryExpression (
  585:    49:  1: . . . . . . . UnaryExpression (
  585:    49:  1: . . . . . . . . PrimaryExpression (
  585:    49:  1: . . . . . . . . . Operand (
  585:    49:  1: . . . . . . . . . . IDENT x
  587:    49:  3: . . . . . . . . . )
  587:    49:  3: . . . . . . . . )
  587:    49:  3: . . . . . . . )
  587:    49:  3: . . . . . . )
  587:    49:  3: . . . . . )
  587:    49:  3: . . . . )
  587:    49:  3: . . . . ":="
  590:    49:  6: . . . . ExpressionList (
  590:    49:  6: . . . . . Expression (
  590:    49:  6: . . . . . . BinaryExpression (
  590:    49:  6: . . . . . . . UnaryExpression (
  590:    49:  6: . . . . . . . . PrimaryExpression (
  590:    49:  6: . . . . . . . . . Operand (
  590:    49:  6: . . . . . . . . . . IDENT d
  591:    49:  7: . . . . . . . . . )
  591:    49:  7: . . . . . . . . . "?."
  593:    49:  9: . . . . . . . . . NullishSelector (
  593:    49:  9: . . . . . . . . . . IDENT a
  594:    49: 10: . . . . . . . . . )
  594:    49: 10: . . . . . . . . . "."
  595:    49: 11: . . . . . . . . . Selector (
  595:    49: 11: . . . . . . . . . . IDENT b
  596:    49: 12: . . . . . . . . . )
  596:    49: 12: . . . . . . . . . "."
  597:    49: 13: . . . . . . . . . Selector (
  597:    49: 13: . . . . . . . . . . "("
  598:    49: 14: . . . . . . . . . . Expression (
  598:    49: 14: . . . . . . . . . . . BinaryExpression (
  598:    49: 14: . . . . . . . . . . . . UnaryExpression (
  598:    49: 14: . . . . . . . . . . . . . PrimaryExpression (
  598:    49: 14: . . . . . . . . . . . . . . Operand (
  598:    49: 14: . . . . . . . . . . . . . . . STRING "c"
  601:    49: 17: . . . . . . . . . . . . . . )
  601:    49: 17: . . . . . . . . . . . . . )
  601:    49: 17: . . . . . . . . . . . . )
  601:    49: 17: . . . . . . . . . . . )
  601:    49: 17: . . . . . . . . . . )
  601:    49: 17: . . . . . . . . . . ")"
  602:    49: 18: . . . . . . . . . )
  602:    49: 18: . . . . . . . . . "?."
  604:    49: 20: . . . . . . . . . NullishSelector (
  604:    49: 20: . . . . . . . . . . IDENT e
  606:    49: 22: . . . . . . . . . )
  606:    49: 22: . . . . . . . . )
  606:    49: 22: . . . . . . . )
  606:    49: 22: . . . . . . . "??"
  609:    49: 25: . . . . . . . BinaryExpression (
  609:    49: 25: . . . . . . . . UnaryExpression (
  609:    49: 25: . . . . . . . . . PrimaryExpression (
  609:    49: 25: . . . . . . . . . . Operand (
  609:    49: 25: . . . . . . . . . . . INT 5
  610:    49: 26: . . . . . . . . . . )
  610:    49: 26: . . . . . . . . . )
  610:    49: 26: . . . . . . . . )
  610:    49: 26: . . . . . . . )
  610:    49: 26: . . . . . . )
  610:    49: 26: . . . . . )
  610:    49: 26: . . . . )
  610:    49: 26: . . . )
  610:    49: 26: . . . ";"
  610:    49: 26: . . )
  610:    49: 26: . )
  610:    49: 26: . EOF
  610:    49: 26: )
